test_parser (unittest.loader._FailedTest.test_parser) ... ERROR

======================================================================
ERROR: test_parser (unittest.loader._FailedTest.test_parser)
----------------------------------------------------------------------
ImportError: Failed to import test module: test_parser
Traceback (most recent call last):
  File "/opt/homebrew/Cellar/python@3.14/3.14.6/Frameworks/Python.framework/Versions/3.14/lib/python3.14/unittest/loader.py", line 426, in _find_test_path
    module = self._get_module_from_name(name)
  File "/opt/homebrew/Cellar/python@3.14/3.14.6/Frameworks/Python.framework/Versions/3.14/lib/python3.14/unittest/loader.py", line 367, in _get_module_from_name
    __import__(name)
    ~~~~~~~~~~^^^^^^
  File "/Users/jamesgabrielb.boo/Documents/starter/test_parser.py", line 6, in <module>
    from parser_template import build_summary, parse_json, parse_xml, parse_yaml
  File "/Users/jamesgabrielb.boo/Documents/starter/parser_template.py", line 12, in <module>
    import yaml
ModuleNotFoundError: No module named 'yaml'


----------------------------------------------------------------------
Ran 1 test in 0.000s

FAILED (errors=1)
